[2026-01-23 13:20:09] [ERROR] Error conectando PostgreSQL: connection to server at "localhost" (::1), port 5432 failed: fe_sendauth: no password supplied

[2026-01-23 13:21:00] [INFO] Conectado a PostgreSQL
[2026-01-23 13:21:01] [INFO] Conectado a MySQL
[2026-01-23 13:21:01] [INFO] === INICIANDO SINCRONIZACIÓN ===
[2026-01-23 13:21:01] [ERROR] Error en sincronización: module 'smart_sync_complete' has no attribute 'SmartSyncSystem'
[2026-01-23 13:21:19] [INFO] Conectado a PostgreSQL
[2026-01-23 13:21:20] [INFO] Conectado a MySQL
[2026-01-23 13:21:20] [INFO] === INICIANDO SINCRONIZACIÓN ===
[2026-01-23 13:21:20] [ERROR] Error en sincronización: module 'smart_sync_complete' has no attribute 'SmartSyncSystem'
[2026-01-23 13:21:39] [INFO] Conectado a PostgreSQL
[2026-01-23 13:21:40] [INFO] Conectado a MySQL
[2026-01-23 13:21:40] [INFO] === INICIANDO SINCRONIZACIÓN ===
[2026-01-23 13:21:40] [ERROR] Error en sincronización: __init__() got an unexpected keyword argument 'pg_conn'
[2026-01-23 13:22:04] [INFO] Conectado a PostgreSQL
[2026-01-23 13:22:05] [INFO] Conectado a MySQL
[2026-01-23 13:22:05] [INFO] === INICIANDO SINCRONIZACIÓN ===
[2026-01-23 13:22:05] [ERROR] Error en sincronización: 'SmartSyncComplete' object has no attribute 'ejecutar_sincronizacion_completa'
[2026-01-23 13:22:22] [INFO] Conectado a PostgreSQL
[2026-01-23 13:22:23] [INFO] Conectado a MySQL
[2026-01-23 13:22:23] [INFO] === INICIANDO SINCRONIZACIÓN ===
[2026-01-23 13:22:26] [INFO] === SINCRONIZACIÓN COMPLETADA ===
[2026-01-23 13:25:51] [INFO] Conectado a PostgreSQL
[2026-01-23 13:25:52] [INFO] Conectado a MySQL
[2026-01-23 13:25:52] [INFO] === INICIANDO SINCRONIZACIÓN ===
[2026-01-23 13:29:22] [INFO] === SINCRONIZACIÓN COMPLETADA ===
[2026-01-23 13:31:04] [INFO] Conectado a PostgreSQL
[2026-01-23 13:31:05] [INFO] Conectado a MySQL
[2026-01-23 13:31:05] [INFO] === INICIANDO SINCRONIZACIÓN ===
[2026-01-23 13:31:07] [INFO] === SINCRONIZACIÓN COMPLETADA ===
[2026-01-23 13:36:46] [INFO] Conectado a PostgreSQL
[2026-01-23 13:36:47] [INFO] Conectado a MySQL
[2026-01-23 13:36:47] [INFO] === INICIANDO SINCRONIZACIÓN ===
[2026-01-23 13:36:49] [INFO] === SINCRONIZACIÓN COMPLETADA ===
[2026-01-23 13:36:55] [INFO] Conectado a PostgreSQL
[2026-01-23 13:36:55] [INFO] Conectado a MySQL
[2026-01-23 13:36:55] [INFO] === INICIANDO SINCRONIZACIÓN ===
[2026-01-23 13:36:58] [INFO] === SINCRONIZACIÓN COMPLETADA ===
[2026-01-23 13:38:47] [INFO] Conectado a PostgreSQL
[2026-01-23 13:38:48] [INFO] Conectado a MySQL
[2026-01-23 13:38:48] [INFO] === INICIANDO SINCRONIZACIÓN ===
[2026-01-23 13:43:59] [INFO] === SINCRONIZACIÓN COMPLETADA ===
[2026-01-23 13:45:18] [INFO] Conectado a PostgreSQL
[2026-01-23 13:45:19] [INFO] Conectado a MySQL
[2026-01-23 13:45:19] [INFO] === INICIANDO SINCRONIZACIÓN ===
[2026-01-23 13:45:21] [INFO] === SINCRONIZACIÓN COMPLETADA ===
[2026-01-23 13:52:38] [INFO] Conectado a PostgreSQL
[2026-01-23 13:52:39] [INFO] Conectado a MySQL
[2026-01-23 13:52:39] [INFO] === INICIANDO SINCRONIZACIÓN ===
[2026-01-23 13:57:27] [INFO] === SINCRONIZACIÓN COMPLETADA ===
[2026-01-23 14:06:18] [INFO] Conectado a PostgreSQL
[2026-01-23 14:06:19] [INFO] Conectado a MySQL
[2026-01-23 14:06:19] [INFO] === INICIANDO SINCRONIZACIÓN ===
[2026-01-23 14:06:22] [INFO] === SINCRONIZACIÓN COMPLETADA ===
[2026-01-23 14:07:18] [INFO] Conectado a PostgreSQL
[2026-01-23 14:07:19] [INFO] Conectado a MySQL
[2026-01-23 14:07:19] [INFO] === INICIANDO SINCRONIZACIÓN ===
[2026-01-23 14:12:13] [INFO] === SINCRONIZACIÓN COMPLETADA ===
[2026-01-23 14:12:18] [INFO] Conectado a PostgreSQL
[2026-01-23 14:12:19] [INFO] Conectado a MySQL
[2026-01-23 14:12:19] [INFO] === INICIANDO SINCRONIZACIÓN ===
[2026-01-23 14:12:21] [INFO] === SINCRONIZACIÓN COMPLETADA ===
[2026-01-23 14:12:27] [INFO] Conectado a PostgreSQL
[2026-01-23 14:12:28] [INFO] Conectado a MySQL
[2026-01-23 14:12:28] [INFO] === INICIANDO SINCRONIZACIÓN ===
[2026-01-23 14:17:13] [INFO] === SINCRONIZACIÓN COMPLETADA ===
[2026-01-23 14:19:18] [INFO] Conectado a PostgreSQL
[2026-01-23 14:19:19] [INFO] Conectado a MySQL
[2026-01-23 14:19:19] [INFO] === INICIANDO SINCRONIZACIÓN ===
[2026-01-23 14:19:21] [INFO] === SINCRONIZACIÓN COMPLETADA ===
[2026-01-23 14:19:28] [INFO] Conectado a PostgreSQL
[2026-01-23 14:19:29] [INFO] Conectado a MySQL
[2026-01-23 14:19:29] [INFO] === INICIANDO SINCRONIZACIÓN ===
[2026-01-23 14:24:14] [INFO] === SINCRONIZACIÓN COMPLETADA ===
